[      77ms] [INFO] %cDownload the React DevTools for a better development experience: https://react.dev/link/react-devtools font-weight:bold @ http://localhost:5173/node_modules/.vite/deps/react-dom_client.js?v=12966894:14335
[     102ms] [ERROR] Failed to load resource: the server responded with a status of 401 (Unauthorized) @ http://localhost:5173/api/auth/me:0
[     103ms] [ERROR] Failed to load resource: the server responded with a status of 401 (Unauthorized) @ http://localhost:5173/api/auth/me:0
[     103ms] [WARNING] Session konnte nicht wiederhergestellt werden: Ungültiger Token @ http://localhost:5173/src/context/AuthContext.tsx:23
[     104ms] [WARNING] Session konnte nicht wiederhergestellt werden: Ungültiger Token @ http://localhost:5173/src/context/AuthContext.tsx:23
[   74809ms] [VERBOSE] [DOM] Password forms should have (optionally hidden) username fields for accessibility: (More info: https://goo.gl/9p2vKq) %o @ http://localhost:5173/admin:0
[ 1690898ms] [ERROR] Failed to load resource: the server responded with a status of 500 (Internal Server Error) @ http://localhost:5173/api/locations/positions/2:0
[ 1695096ms] [ERROR] Failed to load resource: the server responded with a status of 500 (Internal Server Error) @ http://localhost:5173/api/locations/positions/6:0
[ 1696689ms] [ERROR] Failed to load resource: the server responded with a status of 500 (Internal Server Error) @ http://localhost:5173/api/locations/positions/7:0
[ 1697760ms] [ERROR] Failed to load resource: the server responded with a status of 500 (Internal Server Error) @ http://localhost:5173/api/locations/positions/3:0
[ 1700192ms] [ERROR] Failed to load resource: the server responded with a status of 500 (Internal Server Error) @ http://localhost:5173/api/locations/positions/8:0
[ 1701145ms] [ERROR] Failed to load resource: the server responded with a status of 500 (Internal Server Error) @ http://localhost:5173/api/locations/positions/3:0
[ 1885302ms] [ERROR] Failed to load resource: the server responded with a status of 500 (Internal Server Error) @ http://localhost:5173/api/locations/positions/1:0
[ 1900285ms] [ERROR] Failed to load resource: the server responded with a status of 500 (Internal Server Error) @ http://localhost:5173/api/locations/positions/2:0
[ 1923721ms] [ERROR] Failed to load resource: the server responded with a status of 500 (Internal Server Error) @ http://localhost:5173/api/locations/positions/2:0
[ 1926310ms] [ERROR] Failed to load resource: the server responded with a status of 500 (Internal Server Error) @ http://localhost:5173/api/locations/positions/3:0
[ 1929063ms] [ERROR] Failed to load resource: the server responded with a status of 500 (Internal Server Error) @ http://localhost:5173/api/locations/positions/5:0
[ 1940752ms] [ERROR] Failed to load resource: the server responded with a status of 401 (Unauthorized) @ http://localhost:5173/api/tools/?limit=500:0
[ 1940753ms] [ERROR] Failed to load resource: the server responded with a status of 401 (Unauthorized) @ http://localhost:5173/api/tools/?limit=500:0
[ 1941875ms] [ERROR] Failed to load resource: the server responded with a status of 401 (Unauthorized) @ http://localhost:5173/api/tools/?limit=500:0
[ 1941876ms] [ERROR] Failed to load resource: the server responded with a status of 401 (Unauthorized) @ http://localhost:5173/api/users/?limit=500:0
[ 1941877ms] [ERROR] Failed to load resource: the server responded with a status of 401 (Unauthorized) @ http://localhost:5173/api/tools/?limit=500:0
[ 1941879ms] [ERROR] Failed to load resource: the server responded with a status of 401 (Unauthorized) @ http://localhost:5173/api/users/?limit=500:0
[ 1949912ms] [ERROR] Failed to load resource: the server responded with a status of 401 (Unauthorized) @ http://localhost:5173/api/customers:0
[ 1949913ms] [ERROR] ApiError: Ungültiger Token
    at request (http://localhost:5173/src/api/client.ts:40:9)
    at async Promise.all (index 1) @ :0
[ 1949914ms] [ERROR] Failed to load resource: the server responded with a status of 401 (Unauthorized) @ http://localhost:5173/api/tools/types:0
[ 1949915ms] [ERROR] Failed to load resource: the server responded with a status of 401 (Unauthorized) @ http://localhost:5173/api/machines:0
[ 1949918ms] [ERROR] Failed to load resource: the server responded with a status of 401 (Unauthorized) @ http://localhost:5173/api/customers:0
[ 1949919ms] [ERROR] ApiError: Ungültiger Token
    at request (http://localhost:5173/src/api/client.ts:40:9)
    at async Promise.all (index 1) @ :0
[ 1949919ms] [ERROR] Failed to load resource: the server responded with a status of 401 (Unauthorized) @ http://localhost:5173/api/machines:0
[ 1949920ms] [ERROR] Failed to load resource: the server responded with a status of 401 (Unauthorized) @ http://localhost:5173/api/tools/types:0
[ 2075163ms] [LOG] [vite] server connection lost. Polling for restart... @ http://localhost:5173/@vite/client:992
